// Jest Snapshot v1, https://goo.gl/fbAQLP

exports[`useModules 1`] = `
"
  eslint: dynamic(() => import("eslint"), { suspense: true }),
  reactãƒ¼jsx-runtime: dynamic(() => import("react/jsx-runtime"), { suspense: true }),"
`;
